// Jest Snapshot v1, https://goo.gl/fbAQLP

exports[`displays TextFieldGroups and a button 1`] = `
<Login
  auth={Object {}}
  errors={Object {}}
  loginUser={[Function]}
  store={
    Object {
      "clearActions": [Function],
      "dispatch": [Function],
      "getActions": [Function],
      "getState": [Function],
      "replaceReducer": [Function],
      "subscribe": [Function],
    }
  }
  storeSubscription={
    Subscription {
      "listeners": Object {
        "clear": [Function],
        "get": [Function],
        "notify": [Function],
        "subscribe": [Function],
      },
      "onStateChange": [Function],
      "parentSub": undefined,
      "store": Object {
        "clearActions": [Function],
        "dispatch": [Function],
        "getActions": [Function],
        "getState": [Function],
        "replaceReducer": [Function],
        "subscribe": [Function],
      },
      "unsubscribe": [Function],
    }
  }
/>
`;

exports[`displays TextFieldGroups and a button 2`] = `
<div
  className="container"
>
  <h1>
    Login
  </h1>
  <form
    onSubmit={[Function]}
  >
    <TextFieldGroup
      id="email"
      name="email"
      onChange={[Function]}
      placeholder="Email Adress"
      type="email"
      value=""
    />
    <TextFieldGroup
      id="password"
      name="password"
      onChange={[Function]}
      placeholder="Password"
      type="password"
      value=""
    />
    <button
      className="btn btn-dark btn-block mt-4"
      type="submit"
    >
      Sign In
    </button>
  </form>
</div>
`;
